[debug] [2026-10-01T09:15:08.418Z] ----------------------------------------------------------------------
[debug] [2026-10-01T09:15:08.421Z] Command:       C:\Program Files\nodejs\node.exe C:\Users\asmit\AppData\Local\npm-cache\_npx\7750544ccf494d8b\node_modules\firebase-tools\lib\bin\firebase.js deploy --only firestore:rules
[debug] [2026-10-01T09:15:08.421Z] CLI Version:   15.32.1
[debug] [2026-10-01T09:15:08.421Z] Platform:      win32
[debug] [2026-10-01T09:15:08.421Z] Node Version:  v24.19.0
[debug] [2026-10-01T09:15:08.421Z] Detected Agent: unknown
[debug] [2026-10-01T09:15:08.421Z] Time:          Thu Oct 01 2026 14:45:08 GMT+0530 (India Standard Time)
[debug] [2026-10-01T09:15:08.421Z] ----------------------------------------------------------------------
[debug] 
[debug] [2026-10-01T09:15:08.434Z] >>> [apiv2][query] GET https://firebase-public.firebaseio.com/cli.json [none]
[debug] [2026-10-01T09:15:09.761Z] > command requires scopes: ["email","openid","https://www.googleapis.com/auth/cloudplatformprojects.readonly","https://www.googleapis.com/auth/firebase","https://www.googleapis.com/auth/cloud-platform"]
[debug] [2026-10-01T09:15:09.785Z] Error: Could not load the default credentials. Browse to https://cloud.google.com/docs/authentication/getting-started for more information.
    at GoogleAuth.getApplicationDefaultAsync (C:\Users\asmit\AppData\Local\npm-cache\_npx\7750544ccf494d8b\node_modules\google-auth-library\build\src\auth\googleauth.js:287:15)
    at process.processTicksAndRejections (node:internal/process/task_queues:104:5)
    at async GoogleAuth._GoogleAuth_determineClient (C:\Users\asmit\AppData\Local\npm-cache\_npx\7750544ccf494d8b\node_modules\google-auth-library\build\src\auth\googleauth.js:834:32)
    at async GoogleAuth.getClient (C:\Users\asmit\AppData\Local\npm-cache\_npx\7750544ccf494d8b\node_modules\google-auth-library\build\src\auth\googleauth.js:698:20)
    at async GoogleAuth.getAccessToken (C:\Users\asmit\AppData\Local\npm-cache\_npx\7750544ccf494d8b\node_modules\google-auth-library\build\src\auth\googleauth.js:722:24)
    at async autoAuth (C:\Users\asmit\AppData\Local\npm-cache\_npx\7750544ccf494d8b\node_modules\firebase-tools\lib\requireAuth.js:38:19)
    at async requireAuth (C:\Users\asmit\AppData\Local\npm-cache\_npx\7750544ccf494d8b\node_modules\firebase-tools\lib\requireAuth.js:100:20)
    at async requirePermissions (C:\Users\asmit\AppData\Local\npm-cache\_npx\7750544ccf494d8b\node_modules\firebase-tools\lib\requirePermissions.js:12:5)
    at async C:\Users\asmit\AppData\Local\npm-cache\_npx\7750544ccf494d8b\node_modules\firebase-tools\lib\command.js:278:17
[error] 
[error] Error: Failed to authenticate, have you run firebase login?
[debug] [2026-10-01T09:15:16.840Z] ----------------------------------------------------------------------
[debug] [2026-10-01T09:15:16.843Z] Command:       C:\Program Files\nodejs\node.exe C:\Users\asmit\AppData\Local\npm-cache\_npx\7750544ccf494d8b\node_modules\firebase-tools\lib\bin\firebase.js login
[debug] [2026-10-01T09:15:16.843Z] CLI Version:   15.32.1
[debug] [2026-10-01T09:15:16.843Z] Platform:      win32
[debug] [2026-10-01T09:15:16.843Z] Node Version:  v24.19.0
[debug] [2026-10-01T09:15:16.844Z] Detected Agent: unknown
[debug] [2026-10-01T09:15:16.844Z] Time:          Thu Oct 01 2026 14:45:16 GMT+0530 (India Standard Time)
[debug] [2026-10-01T09:15:16.844Z] ----------------------------------------------------------------------
[debug] 
[debug] [2026-10-01T09:15:16.855Z] >>> [apiv2][query] GET https://firebase-public.firebaseio.com/cli.json [none]
[debug] [2026-10-01T09:15:17.064Z] >>> [apiv2][query] POST https://auth.firebase.tools/attest [none]
[debug] [2026-10-01T09:15:17.065Z] >>> [apiv2][body] POST https://auth.firebase.tools/attest {"session_id":"54984554-246d-413a-907b-4da6460a1e76"}
[debug] [2026-10-01T09:15:17.928Z] <<< [apiv2][status] GET https://firebase-public.firebaseio.com/cli.json 200
[debug] [2026-10-01T09:15:17.928Z] <<< [apiv2][body] GET https://firebase-public.firebaseio.com/cli.json {"cloudBuildErrorAfter":1594252800000,"cloudBuildWarnAfter":1590019200000,"defaultNode10After":1594252800000,"minVersion":"3.0.5","node8DeploysDisabledAfter":1613390400000,"node8RuntimeDisabledAfter":1615809600000,"node8WarnAfter":1600128000000}
[debug] [2026-10-01T09:15:17.994Z] <<< [apiv2][status] POST https://auth.firebase.tools/attest 200
